2026-09-02 08:57:36,933 | INFO | Discovered 31 source files in G:\\My Drive\\divvy_tripdata\csv_master
2026-09-02 08:58:21,713 | INFO | 202401-divvy-tripdata.csv: cleaned 144,776 rows, inserted 0 new fact rows
2026-09-02 08:58:44,046 | INFO | 202402-divvy-tripdata.csv: cleaned 223,136 rows, inserted 0 new fact rows
2026-09-02 08:59:04,000 | INFO | 202403-divvy-tripdata.csv: cleaned 301,581 rows, inserted 0 new fact rows
2026-09-02 08:59:30,260 | INFO | 202404-divvy-tripdata.csv: cleaned 414,837 rows, inserted 0 new fact rows
2026-09-02 09:00:08,615 | INFO | 202405-divvy-tripdata.csv: cleaned 609,232 rows, inserted 0 new fact rows
2026-09-02 09:00:53,656 | INFO | 202406-divvy-tripdata.csv: cleaned 710,705 rows, inserted 0 new fact rows
2026-09-02 09:01:40,123 | INFO | 202407-divvy-tripdata.csv: cleaned 748,953 rows, inserted 0 new fact rows
2026-09-02 09:02:26,933 | INFO | 202408-divvy-tripdata.csv: cleaned 755,626 rows, inserted 0 new fact rows
2026-09-02 09:03:17,658 | INFO | 202409-divvy-tripdata.csv: cleaned 821,268 rows, inserted 0 new fact rows
2026-09-02 09:03:55,490 | INFO | 202410-divvy-tripdata.csv: cleaned 616,268 rows, inserted 0 new fact rows
2026-09-02 09:04:16,833 | INFO | 202411-divvy-tripdata.csv: cleaned 335,028 rows, inserted 0 new fact rows
2026-09-02 09:04:28,156 | INFO | 202412-divvy-tripdata.csv: cleaned 178,372 rows, inserted 0 new fact rows
2026-09-02 09:04:37,089 | INFO | 202501-divvy-tripdata.csv: cleaned 138,688 rows, inserted 0 new fact rows
2026-09-02 09:04:46,823 | INFO | 202502-divvy-tripdata.csv: cleaned 151,876 rows, inserted 0 new fact rows
2026-09-02 09:05:05,443 | INFO | 202503-divvy-tripdata.csv: cleaned 298,142 rows, inserted 0 new fact rows
2026-09-02 09:05:28,407 | INFO | 202504-divvy-tripdata.csv: cleaned 371,333 rows, inserted 0 new fact rows
2026-09-02 09:05:59,219 | INFO | 202505-divvy-tripdata.csv: cleaned 502,442 rows, inserted 0 new fact rows
2026-09-02 09:06:40,856 | INFO | 202506-divvy-tripdata.csv: cleaned 678,885 rows, inserted 0 new fact rows
2026-09-02 09:07:27,568 | INFO | 202507-divvy-tripdata.csv: cleaned 763,412 rows, inserted 0 new fact rows
2026-09-02 09:08:15,839 | INFO | 202508-divvy-tripdata.csv: cleaned 790,151 rows, inserted 0 new fact rows
2026-09-02 09:08:59,584 | INFO | 202509-divvy-tripdata.csv: cleaned 714,747 rows, inserted 0 new fact rows
2026-09-02 09:09:39,269 | INFO | 202510-divvy-tripdata.csv: cleaned 646,034 rows, inserted 0 new fact rows
2026-09-02 09:10:01,451 | INFO | 202511-divvy-tripdata.csv: cleaned 356,594 rows, inserted 0 new fact rows
2026-09-02 09:10:10,486 | INFO | 202512-divvy-tripdata.csv: cleaned 140,532 rows, inserted 0 new fact rows
2026-09-02 09:10:19,334 | INFO | 202601-divvy-tripdata.csv: cleaned 137,779 rows, inserted 0 new fact rows
2026-09-02 09:10:32,040 | INFO | 202602-divvy-tripdata.csv: cleaned 201,449 rows, inserted 0 new fact rows
2026-09-02 09:10:51,771 | INFO | 202603-divvy-tripdata.csv: cleaned 317,030 rows, inserted 0 new fact rows
2026-09-02 09:11:19,583 | INFO | 202604-divvy-tripdata.csv: cleaned 448,244 rows, inserted 0 new fact rows
2026-09-02 09:11:59,761 | INFO | 202605-divvy-tripdata.csv: cleaned 653,695 rows, inserted 0 new fact rows
2026-09-02 09:12:46,393 | INFO | 202606-divvy-tripdata.csv: cleaned 762,531 rows, inserted 0 new fact rows
2026-09-02 09:13:39,437 | INFO | 202607-divvy-tripdata.csv: cleaned 869,026 rows, inserted 0 new fact rows
2026-09-02 09:13:39,550 | INFO | Data-quality report written to C:\Users\shk\Projects\comprehensive_divvy_bike_sharing_analytics\reports\etl_reports\etl_data_quality_report.csv
2026-09-05 03:51:24,532 | INFO | Discovered 31 source files in G:\\My Drive\\divvy_tripdata\csv_master
2026-09-05 03:51:55,012 | INFO | 202401-divvy-tripdata.csv: cleaned 144,776 rows, inserted 0 new fact rows
2026-09-05 03:52:14,854 | INFO | 202402-divvy-tripdata.csv: cleaned 223,136 rows, inserted 0 new fact rows
2026-09-05 03:52:37,808 | INFO | 202403-divvy-tripdata.csv: cleaned 301,581 rows, inserted 0 new fact rows
2026-09-05 03:53:09,327 | INFO | 202404-divvy-tripdata.csv: cleaned 414,837 rows, inserted 0 new fact rows
2026-09-05 03:53:54,241 | INFO | 202405-divvy-tripdata.csv: cleaned 609,232 rows, inserted 0 new fact rows
2026-09-05 03:54:46,421 | INFO | 202406-divvy-tripdata.csv: cleaned 710,705 rows, inserted 0 new fact rows
2026-09-05 03:55:40,053 | INFO | 202407-divvy-tripdata.csv: cleaned 748,953 rows, inserted 0 new fact rows
2026-09-05 03:56:33,438 | INFO | 202408-divvy-tripdata.csv: cleaned 755,626 rows, inserted 0 new fact rows
2026-09-05 03:57:30,148 | INFO | 202409-divvy-tripdata.csv: cleaned 821,268 rows, inserted 0 new fact rows
2026-09-05 03:58:13,450 | INFO | 202410-divvy-tripdata.csv: cleaned 616,268 rows, inserted 0 new fact rows
2026-09-05 03:58:36,822 | INFO | 202411-divvy-tripdata.csv: cleaned 335,028 rows, inserted 0 new fact rows
2026-09-05 03:58:49,764 | INFO | 202412-divvy-tripdata.csv: cleaned 178,372 rows, inserted 0 new fact rows
2026-09-05 03:58:59,693 | INFO | 202501-divvy-tripdata.csv: cleaned 138,688 rows, inserted 0 new fact rows
2026-09-05 03:59:10,475 | INFO | 202502-divvy-tripdata.csv: cleaned 151,876 rows, inserted 0 new fact rows
2026-09-05 03:59:31,477 | INFO | 202503-divvy-tripdata.csv: cleaned 298,142 rows, inserted 0 new fact rows
2026-09-05 03:59:57,192 | INFO | 202504-divvy-tripdata.csv: cleaned 371,333 rows, inserted 0 new fact rows
2026-09-05 04:00:32,343 | INFO | 202505-divvy-tripdata.csv: cleaned 502,442 rows, inserted 0 new fact rows
2026-09-05 04:01:20,173 | INFO | 202506-divvy-tripdata.csv: cleaned 678,885 rows, inserted 0 new fact rows
2026-09-05 04:02:12,280 | INFO | 202507-divvy-tripdata.csv: cleaned 763,412 rows, inserted 0 new fact rows
2026-09-05 04:03:06,301 | INFO | 202508-divvy-tripdata.csv: cleaned 790,151 rows, inserted 0 new fact rows
2026-09-05 04:03:55,347 | INFO | 202509-divvy-tripdata.csv: cleaned 714,747 rows, inserted 0 new fact rows
2026-09-05 04:04:39,371 | INFO | 202510-divvy-tripdata.csv: cleaned 646,034 rows, inserted 0 new fact rows
2026-09-05 04:05:03,989 | INFO | 202511-divvy-tripdata.csv: cleaned 356,594 rows, inserted 0 new fact rows
2026-09-05 04:05:14,265 | INFO | 202512-divvy-tripdata.csv: cleaned 140,532 rows, inserted 0 new fact rows
2026-09-05 04:05:24,121 | INFO | 202601-divvy-tripdata.csv: cleaned 137,779 rows, inserted 0 new fact rows
2026-09-05 04:05:38,266 | INFO | 202602-divvy-tripdata.csv: cleaned 201,449 rows, inserted 0 new fact rows
2026-09-05 04:06:00,129 | INFO | 202603-divvy-tripdata.csv: cleaned 317,030 rows, inserted 0 new fact rows
2026-09-05 04:06:31,087 | INFO | 202604-divvy-tripdata.csv: cleaned 448,244 rows, inserted 0 new fact rows
2026-09-05 04:07:16,226 | INFO | 202605-divvy-tripdata.csv: cleaned 653,695 rows, inserted 0 new fact rows
2026-09-05 04:08:08,364 | INFO | 202606-divvy-tripdata.csv: cleaned 762,531 rows, inserted 0 new fact rows
2026-09-05 04:09:07,713 | INFO | 202607-divvy-tripdata.csv: cleaned 869,026 rows, inserted 0 new fact rows
2026-09-05 04:09:07,828 | INFO | Data-quality report written to C:\Users\shk\Projects\comprehensive_divvy_bike_sharing_analytics\reports\etl_reports\etl_data_quality_report.csv
2026-09-08 02:36:21,111 | INFO | Discovered 30 source files in ../data\csv_master
2026-09-08 02:37:07,859 | INFO | 202401-divvy-tripdata.csv: cleaned 144,776 rows, inserted 144,776 new fact rows
2026-09-08 02:38:40,837 | INFO | 202402-divvy-tripdata.csv: cleaned 223,136 rows, inserted 223,136 new fact rows
2026-09-08 02:41:07,906 | INFO | 202403-divvy-tripdata.csv: cleaned 301,581 rows, inserted 301,581 new fact rows
2026-09-08 02:43:48,433 | INFO | 202404-divvy-tripdata.csv: cleaned 414,837 rows, inserted 414,837 new fact rows
2026-09-08 02:57:39,164 | INFO | 202405-divvy-tripdata.csv: cleaned 609,232 rows, inserted 609,232 new fact rows
2026-09-08 03:01:57,811 | INFO | 202406-divvy-tripdata.csv: cleaned 710,705 rows, inserted 710,494 new fact rows
2026-09-08 03:07:00,019 | INFO | 202407-divvy-tripdata.csv: cleaned 748,953 rows, inserted 748,953 new fact rows
2026-09-08 03:12:48,322 | INFO | 202408-divvy-tripdata.csv: cleaned 755,626 rows, inserted 755,626 new fact rows
2026-09-08 07:29:32,431 | INFO | Discovered 31 source files in ../data\csv_master
2026-09-08 07:30:09,444 | INFO | 202401-divvy-tripdata.csv: cleaned 144,776 rows, inserted 0 new fact rows
2026-09-08 07:30:41,609 | INFO | 202402-divvy-tripdata.csv: cleaned 223,136 rows, inserted 0 new fact rows
2026-09-08 07:31:28,901 | INFO | 202403-divvy-tripdata.csv: cleaned 301,581 rows, inserted 0 new fact rows
2026-09-08 07:32:48,022 | INFO | 202404-divvy-tripdata.csv: cleaned 414,837 rows, inserted 0 new fact rows
2026-09-08 07:35:04,824 | INFO | 202405-divvy-tripdata.csv: cleaned 609,232 rows, inserted 0 new fact rows
2026-09-08 07:38:00,690 | INFO | 202406-divvy-tripdata.csv: cleaned 710,705 rows, inserted 0 new fact rows
2026-09-08 08:05:25,800 | INFO | 202407-divvy-tripdata.csv: cleaned 748,953 rows, inserted 0 new fact rows
2026-09-08 08:07:53,812 | INFO | 202408-divvy-tripdata.csv: cleaned 755,626 rows, inserted 0 new fact rows
2026-09-08 08:15:49,673 | INFO | 202409-divvy-tripdata.csv: cleaned 821,268 rows, inserted 821,268 new fact rows
2026-09-08 08:25:06,953 | INFO | 202410-divvy-tripdata.csv: cleaned 616,268 rows, inserted 616,268 new fact rows
2026-09-08 08:28:40,920 | INFO | 202411-divvy-tripdata.csv: cleaned 335,028 rows, inserted 335,028 new fact rows
2026-09-08 08:31:14,812 | INFO | 202412-divvy-tripdata.csv: cleaned 178,372 rows, inserted 178,372 new fact rows
2026-09-08 08:33:16,826 | INFO | 202501-divvy-tripdata.csv: cleaned 138,688 rows, inserted 138,688 new fact rows
2026-09-08 08:34:54,275 | INFO | 202502-divvy-tripdata.csv: cleaned 151,876 rows, inserted 151,876 new fact rows
2026-09-08 08:37:36,017 | INFO | 202503-divvy-tripdata.csv: cleaned 298,142 rows, inserted 298,142 new fact rows
2026-09-08 08:43:16,023 | INFO | 202504-divvy-tripdata.csv: cleaned 371,333 rows, inserted 371,333 new fact rows
2026-09-08 08:50:18,913 | INFO | 202505-divvy-tripdata.csv: cleaned 502,442 rows, inserted 502,442 new fact rows
2026-09-08 08:59:51,027 | INFO | 202506-divvy-tripdata.csv: cleaned 678,885 rows, inserted 678,885 new fact rows
2026-09-08 09:10:24,055 | INFO | 202507-divvy-tripdata.csv: cleaned 763,412 rows, inserted 763,412 new fact rows
2026-09-08 09:18:21,624 | INFO | Discovered 31 source files in C:\Projects\comprehensive_divvy_bike_sharing_analytics\data\csv_master
2026-09-08 09:19:15,823 | INFO | 202401-divvy-tripdata.csv: cleaned 144,776 rows, inserted 0 new fact rows
2026-09-08 09:22:48,711 | INFO | 202402-divvy-tripdata.csv: cleaned 223,136 rows, inserted 0 new fact rows
2026-09-08 09:28:30,659 | INFO | 202403-divvy-tripdata.csv: cleaned 301,581 rows, inserted 0 new fact rows
2026-09-08 09:31:44,638 | INFO | 202404-divvy-tripdata.csv: cleaned 414,837 rows, inserted 0 new fact rows
2026-09-08 09:33:35,295 | INFO | 202405-divvy-tripdata.csv: cleaned 609,232 rows, inserted 0 new fact rows
2026-09-08 09:35:38,755 | INFO | 202406-divvy-tripdata.csv: cleaned 710,705 rows, inserted 0 new fact rows
2026-09-08 09:37:46,483 | INFO | 202407-divvy-tripdata.csv: cleaned 748,953 rows, inserted 0 new fact rows
2026-09-08 09:39:52,565 | INFO | 202408-divvy-tripdata.csv: cleaned 755,626 rows, inserted 0 new fact rows
2026-09-08 09:42:10,016 | INFO | 202409-divvy-tripdata.csv: cleaned 821,268 rows, inserted 0 new fact rows
2026-09-08 09:45:19,459 | INFO | 202410-divvy-tripdata.csv: cleaned 616,268 rows, inserted 0 new fact rows
2026-09-08 09:46:59,923 | INFO | 202411-divvy-tripdata.csv: cleaned 335,028 rows, inserted 0 new fact rows
2026-09-08 09:47:54,749 | INFO | 202412-divvy-tripdata.csv: cleaned 178,372 rows, inserted 0 new fact rows
2026-09-08 09:48:37,682 | INFO | 202501-divvy-tripdata.csv: cleaned 138,688 rows, inserted 0 new fact rows
2026-09-08 09:49:23,272 | INFO | 202502-divvy-tripdata.csv: cleaned 151,876 rows, inserted 0 new fact rows
2026-09-08 09:50:17,142 | INFO | 202503-divvy-tripdata.csv: cleaned 298,142 rows, inserted 0 new fact rows
2026-09-08 09:51:25,561 | INFO | 202504-divvy-tripdata.csv: cleaned 371,333 rows, inserted 0 new fact rows
2026-09-08 09:52:41,999 | INFO | 202505-divvy-tripdata.csv: cleaned 502,442 rows, inserted 0 new fact rows
2026-09-08 09:55:59,408 | INFO | 202506-divvy-tripdata.csv: cleaned 678,885 rows, inserted 0 new fact rows
2026-09-08 09:59:07,134 | INFO | 202507-divvy-tripdata.csv: cleaned 763,412 rows, inserted 0 new fact rows
2026-09-08 10:09:54,657 | INFO | 202508-divvy-tripdata.csv: cleaned 790,151 rows, inserted 790,151 new fact rows
2026-09-08 10:19:21,712 | INFO | 202509-divvy-tripdata.csv: cleaned 714,747 rows, inserted 714,747 new fact rows
2026-09-08 10:29:08,653 | INFO | 202510-divvy-tripdata.csv: cleaned 646,034 rows, inserted 646,034 new fact rows
2026-09-08 10:34:00,797 | INFO | 202511-divvy-tripdata.csv: cleaned 356,594 rows, inserted 356,594 new fact rows
2026-09-08 10:35:57,653 | INFO | 202512-divvy-tripdata.csv: cleaned 140,532 rows, inserted 140,532 new fact rows
2026-09-08 10:37:22,412 | INFO | 202601-divvy-tripdata.csv: cleaned 137,779 rows, inserted 137,779 new fact rows
2026-09-08 10:39:14,247 | INFO | 202602-divvy-tripdata.csv: cleaned 201,449 rows, inserted 201,449 new fact rows
2026-09-08 10:42:47,145 | INFO | 202603-divvy-tripdata.csv: cleaned 317,030 rows, inserted 317,030 new fact rows
2026-09-08 10:49:43,159 | INFO | 202604-divvy-tripdata.csv: cleaned 448,244 rows, inserted 448,244 new fact rows
2026-09-08 11:01:35,288 | INFO | 202605-divvy-tripdata.csv: cleaned 653,695 rows, inserted 653,660 new fact rows
2026-09-08 11:14:47,204 | INFO | 202606-divvy-tripdata.csv: cleaned 762,531 rows, inserted 762,531 new fact rows
2026-09-08 11:27:08,698 | INFO | 202607-divvy-tripdata.csv: cleaned 869,026 rows, inserted 869,026 new fact rows
2026-09-08 11:27:09,112 | INFO | Data-quality report written to C:\Projects\comprehensive_divvy_bike_sharing_analytics\reports\etl_reports\etl_data_quality_report.csv
2026-09-09 03:07:46,459 | INFO | Discovered 30 source files in C:\Projects\comprehensive_divvy_bike_sharing_analytics\data\csv_master
2026-09-09 03:08:18,027 | INFO | 202401-divvy-tripdata.csv: cleaned 144,776 rows, inserted 0 new fact rows
2026-09-09 03:08:39,140 | INFO | 202402-divvy-tripdata.csv: cleaned 223,136 rows, inserted 0 new fact rows
2026-09-09 03:09:03,122 | INFO | 202403-divvy-tripdata.csv: cleaned 301,581 rows, inserted 0 new fact rows
2026-09-09 03:09:32,209 | INFO | 202404-divvy-tripdata.csv: cleaned 414,837 rows, inserted 0 new fact rows
2026-09-09 03:10:15,975 | INFO | 202405-divvy-tripdata.csv: cleaned 609,232 rows, inserted 0 new fact rows
2026-09-09 03:11:07,016 | INFO | 202406-divvy-tripdata.csv: cleaned 710,705 rows, inserted 0 new fact rows
2026-09-09 03:11:59,696 | INFO | 202407-divvy-tripdata.csv: cleaned 748,953 rows, inserted 0 new fact rows
2026-09-09 03:12:51,392 | INFO | 202408-divvy-tripdata.csv: cleaned 755,626 rows, inserted 0 new fact rows
2026-09-09 03:14:10,770 | INFO | 202409-divvy-tripdata.csv: cleaned 821,268 rows, inserted 0 new fact rows
2026-09-09 03:15:00,647 | INFO | 202410-divvy-tripdata.csv: cleaned 616,268 rows, inserted 0 new fact rows
2026-09-09 03:15:23,792 | INFO | 202411-divvy-tripdata.csv: cleaned 335,028 rows, inserted 0 new fact rows
2026-09-09 03:15:36,645 | INFO | 202412-divvy-tripdata.csv: cleaned 178,372 rows, inserted 0 new fact rows
2026-09-09 03:15:46,407 | INFO | 202501-divvy-tripdata.csv: cleaned 137,779 rows, inserted 0 new fact rows
2026-09-09 03:15:57,757 | INFO | 202502-divvy-tripdata.csv: cleaned 151,876 rows, inserted 0 new fact rows
2026-09-09 03:16:19,128 | INFO | 202503-divvy-tripdata.csv: cleaned 298,142 rows, inserted 0 new fact rows
2026-09-09 03:16:45,333 | INFO | 202504-divvy-tripdata.csv: cleaned 371,333 rows, inserted 0 new fact rows
2026-09-09 03:17:19,970 | INFO | 202505-divvy-tripdata.csv: cleaned 502,442 rows, inserted 0 new fact rows
2026-09-09 03:18:06,343 | INFO | 202506-divvy-tripdata.csv: cleaned 678,885 rows, inserted 0 new fact rows
2026-09-09 03:18:58,269 | INFO | 202507-divvy-tripdata.csv: cleaned 763,412 rows, inserted 0 new fact rows
2026-09-09 03:19:51,950 | INFO | 202508-divvy-tripdata.csv: cleaned 790,151 rows, inserted 0 new fact rows
2026-09-09 03:20:40,875 | INFO | 202509-divvy-tripdata.csv: cleaned 714,747 rows, inserted 0 new fact rows
2026-09-09 03:21:24,980 | INFO | 202510-divvy-tripdata.csv: cleaned 646,034 rows, inserted 0 new fact rows
2026-09-09 03:21:49,669 | INFO | 202511-divvy-tripdata.csv: cleaned 356,594 rows, inserted 0 new fact rows
2026-09-09 03:21:59,675 | INFO | 202512-divvy-tripdata.csv: cleaned 140,532 rows, inserted 0 new fact rows
2026-09-09 03:22:13,804 | INFO | 202602-divvy-tripdata.csv: cleaned 201,449 rows, inserted 0 new fact rows
2026-09-09 03:22:36,160 | INFO | 202603-divvy-tripdata.csv: cleaned 317,030 rows, inserted 0 new fact rows
2026-09-09 03:23:07,763 | INFO | 202604-divvy-tripdata.csv: cleaned 448,244 rows, inserted 0 new fact rows
2026-09-09 03:23:52,908 | INFO | 202605-divvy-tripdata.csv: cleaned 653,695 rows, inserted 0 new fact rows
2026-09-09 03:24:46,525 | INFO | 202606-divvy-tripdata.csv: cleaned 762,531 rows, inserted 0 new fact rows
2026-09-09 03:25:47,153 | INFO | 202607-divvy-tripdata.csv: cleaned 869,026 rows, inserted 0 new fact rows
2026-09-09 03:25:47,272 | INFO | Data-quality report written to C:\Projects\comprehensive_divvy_bike_sharing_analytics\reports\etl_reports\etl_data_quality_report.csv
2026-09-09 20:27:18,552 | INFO | Discovered 32 source files in C:\Projects\comprehensive_divvy_bike_sharing_analytics\data\csv_master
2026-09-09 20:27:39,476 | INFO | 202401-divvy-tripdata.csv: cleaned 144,776 rows, inserted 144,776 new fact rows
2026-09-09 20:28:14,173 | INFO | 202402-divvy-tripdata.csv: cleaned 223,136 rows, inserted 223,136 new fact rows
2026-09-09 20:29:01,764 | INFO | 202403-divvy-tripdata.csv: cleaned 301,581 rows, inserted 301,581 new fact rows
2026-09-09 20:30:16,646 | INFO | 202404-divvy-tripdata.csv: cleaned 414,837 rows, inserted 414,837 new fact rows
2026-09-09 20:32:06,747 | INFO | 202405-divvy-tripdata.csv: cleaned 609,232 rows, inserted 609,232 new fact rows
2026-09-09 20:34:22,243 | INFO | 202406-divvy-tripdata.csv: cleaned 710,705 rows, inserted 710,494 new fact rows
2026-09-09 20:37:00,335 | INFO | 202407-divvy-tripdata.csv: cleaned 748,953 rows, inserted 748,953 new fact rows
2026-09-09 20:40:49,620 | INFO | 202408-divvy-tripdata.csv: cleaned 755,626 rows, inserted 755,626 new fact rows
2026-09-09 20:45:11,839 | INFO | 202409-divvy-tripdata.csv: cleaned 821,268 rows, inserted 821,268 new fact rows
2026-09-09 20:47:49,688 | INFO | 202410-divvy-tripdata.csv: cleaned 616,268 rows, inserted 616,268 new fact rows
2026-09-09 20:49:55,954 | INFO | 202411-divvy-tripdata.csv: cleaned 335,028 rows, inserted 335,028 new fact rows
2026-09-09 20:51:11,575 | INFO | 202412-divvy-tripdata.csv: cleaned 178,372 rows, inserted 178,372 new fact rows
2026-09-09 20:52:23,746 | INFO | 202501-divvy-tripdata.csv: cleaned 138,688 rows, inserted 138,688 new fact rows
2026-09-09 20:53:17,661 | INFO | 202502-divvy-tripdata.csv: cleaned 151,876 rows, inserted 151,876 new fact rows
2026-09-09 20:55:04,358 | INFO | 202503-divvy-tripdata.csv: cleaned 298,142 rows, inserted 298,142 new fact rows
2026-09-09 20:56:36,321 | INFO | 202504-divvy-tripdata.csv: cleaned 371,333 rows, inserted 371,333 new fact rows
2026-09-09 21:02:02,766 | INFO | 202505-divvy-tripdata.csv: cleaned 502,442 rows, inserted 502,442 new fact rows
2026-09-09 21:04:35,152 | INFO | 202506-divvy-tripdata.csv: cleaned 678,885 rows, inserted 678,885 new fact rows
2026-09-09 21:07:24,110 | INFO | 202507-divvy-tripdata.csv: cleaned 763,412 rows, inserted 763,412 new fact rows
2026-09-09 21:10:35,503 | INFO | 202508-divvy-tripdata.csv: cleaned 790,151 rows, inserted 790,151 new fact rows
2026-09-09 21:13:33,379 | INFO | 202509-divvy-tripdata.csv: cleaned 714,747 rows, inserted 714,747 new fact rows
2026-09-09 21:16:11,345 | INFO | 202510-divvy-tripdata.csv: cleaned 646,034 rows, inserted 646,034 new fact rows
2026-09-09 21:18:14,762 | INFO | 202511-divvy-tripdata.csv: cleaned 356,594 rows, inserted 356,594 new fact rows
2026-09-09 21:18:54,588 | INFO | 202512-divvy-tripdata.csv: cleaned 140,532 rows, inserted 140,532 new fact rows
2026-09-09 21:19:59,323 | INFO | 202601-divvy-tripdata.csv: cleaned 137,779 rows, inserted 137,779 new fact rows
2026-09-09 21:21:23,019 | INFO | 202602-divvy-tripdata.csv: cleaned 201,449 rows, inserted 201,449 new fact rows
2026-09-09 21:22:47,907 | INFO | 202603-divvy-tripdata.csv: cleaned 317,030 rows, inserted 317,030 new fact rows
2026-09-09 21:24:41,433 | INFO | 202604-divvy-tripdata.csv: cleaned 448,244 rows, inserted 448,244 new fact rows
2026-09-09 21:28:49,569 | INFO | 202605-divvy-tripdata.csv: cleaned 653,695 rows, inserted 653,660 new fact rows
2026-09-09 21:31:59,814 | INFO | 202606-divvy-tripdata.csv: cleaned 762,531 rows, inserted 762,531 new fact rows
2026-09-09 21:35:41,228 | INFO | 202607-divvy-tripdata.csv: cleaned 869,026 rows, inserted 869,026 new fact rows
2026-09-09 21:39:17,144 | INFO | 202608-divvy-tripdata.csv: cleaned 868,169 rows, inserted 868,169 new fact rows
2026-09-09 21:39:17,331 | INFO | Data-quality report written to C:\Projects\comprehensive_divvy_bike_sharing_analytics\reports\etl_reports\etl_data_quality_report.csv
2026-09-10 09:02:41,237 | INFO | Discovered 32 source files in C:\Projects\comprehensive_divvy_bike_sharing_analytics\data\csv_master
2026-09-10 09:03:11,489 | INFO | 202401-divvy-tripdata.csv: cleaned 144,776 rows, inserted 0 new fact rows
2026-09-10 09:03:42,008 | INFO | 202402-divvy-tripdata.csv: cleaned 223,136 rows, inserted 0 new fact rows
2026-09-10 09:04:09,780 | INFO | 202403-divvy-tripdata.csv: cleaned 301,581 rows, inserted 0 new fact rows
2026-09-10 09:04:50,706 | INFO | 202404-divvy-tripdata.csv: cleaned 414,837 rows, inserted 0 new fact rows
2026-09-10 09:05:54,540 | INFO | 202405-divvy-tripdata.csv: cleaned 609,232 rows, inserted 0 new fact rows
2026-09-10 09:07:31,597 | INFO | 202406-divvy-tripdata.csv: cleaned 710,705 rows, inserted 0 new fact rows
2026-09-10 09:08:31,601 | INFO | 202407-divvy-tripdata.csv: cleaned 748,953 rows, inserted 0 new fact rows
2026-09-10 09:09:29,595 | INFO | 202408-divvy-tripdata.csv: cleaned 755,626 rows, inserted 0 new fact rows
2026-09-10 09:10:32,197 | INFO | 202409-divvy-tripdata.csv: cleaned 821,268 rows, inserted 0 new fact rows
2026-09-10 09:11:20,003 | INFO | 202410-divvy-tripdata.csv: cleaned 616,268 rows, inserted 0 new fact rows
2026-09-10 09:11:46,203 | INFO | 202411-divvy-tripdata.csv: cleaned 335,028 rows, inserted 0 new fact rows
2026-09-10 09:12:00,182 | INFO | 202412-divvy-tripdata.csv: cleaned 178,372 rows, inserted 0 new fact rows
2026-09-10 09:12:11,030 | INFO | 202501-divvy-tripdata.csv: cleaned 138,688 rows, inserted 0 new fact rows
2026-09-10 09:12:22,985 | INFO | 202502-divvy-tripdata.csv: cleaned 151,876 rows, inserted 0 new fact rows
2026-09-10 09:12:45,686 | INFO | 202503-divvy-tripdata.csv: cleaned 298,142 rows, inserted 0 new fact rows
2026-09-10 09:13:14,146 | INFO | 202504-divvy-tripdata.csv: cleaned 371,333 rows, inserted 0 new fact rows
2026-09-10 09:13:51,835 | INFO | 202505-divvy-tripdata.csv: cleaned 502,442 rows, inserted 0 new fact rows
2026-09-10 09:15:27,214 | INFO | 202506-divvy-tripdata.csv: cleaned 678,885 rows, inserted 0 new fact rows
2026-09-10 09:16:59,316 | INFO | 202507-divvy-tripdata.csv: cleaned 763,412 rows, inserted 0 new fact rows
2026-09-10 09:18:55,390 | INFO | 202508-divvy-tripdata.csv: cleaned 790,151 rows, inserted 0 new fact rows
2026-09-10 09:20:04,442 | INFO | 202509-divvy-tripdata.csv: cleaned 714,747 rows, inserted 0 new fact rows
2026-09-10 09:21:14,418 | INFO | 202510-divvy-tripdata.csv: cleaned 646,034 rows, inserted 0 new fact rows
2026-09-10 09:21:53,098 | INFO | 202511-divvy-tripdata.csv: cleaned 356,594 rows, inserted 0 new fact rows
2026-09-10 09:22:09,135 | INFO | 202512-divvy-tripdata.csv: cleaned 140,532 rows, inserted 0 new fact rows
2026-09-10 09:22:26,346 | INFO | 202601-divvy-tripdata.csv: cleaned 137,779 rows, inserted 0 new fact rows
2026-09-10 09:22:48,543 | INFO | 202602-divvy-tripdata.csv: cleaned 201,449 rows, inserted 0 new fact rows
2026-09-10 09:23:24,221 | INFO | 202603-divvy-tripdata.csv: cleaned 317,030 rows, inserted 0 new fact rows
2026-09-10 09:24:46,364 | INFO | 202604-divvy-tripdata.csv: cleaned 448,244 rows, inserted 0 new fact rows
2026-09-10 09:31:32,649 | INFO | 202605-divvy-tripdata.csv: cleaned 653,695 rows, inserted 0 new fact rows
2026-09-10 09:33:55,799 | INFO | 202606-divvy-tripdata.csv: cleaned 762,531 rows, inserted 0 new fact rows
2026-09-10 09:37:20,201 | INFO | 202607-divvy-tripdata.csv: cleaned 869,026 rows, inserted 0 new fact rows
2026-09-10 09:39:13,842 | INFO | 202608-divvy-tripdata.csv: cleaned 868,169 rows, inserted 0 new fact rows
2026-09-10 09:39:14,140 | INFO | Data-quality report written to C:\Projects\comprehensive_divvy_bike_sharing_analytics\reports\etl_reports\etl_data_quality_report.csv
2026-09-10 10:00:08,786 | INFO | Discovered 32 source files in C:\Projects\comprehensive_divvy_bike_sharing_analytics\data\csv_master
2026-09-10 10:00:37,724 | INFO | Discovered 32 source files in C:\Projects\comprehensive_divvy_bike_sharing_analytics\data\csv_master
2026-09-10 10:00:49,808 | INFO | 202401-divvy-tripdata.csv: cleaned 144,776 rows, inserted 0 new fact rows
2026-09-10 10:01:10,710 | INFO | 202402-divvy-tripdata.csv: cleaned 223,136 rows, inserted 0 new fact rows
2026-09-10 10:01:35,159 | INFO | 202403-divvy-tripdata.csv: cleaned 301,581 rows, inserted 0 new fact rows
2026-09-10 10:02:06,506 | INFO | 202404-divvy-tripdata.csv: cleaned 414,837 rows, inserted 0 new fact rows
2026-09-10 10:03:19,590 | INFO | 202405-divvy-tripdata.csv: cleaned 609,232 rows, inserted 0 new fact rows
2026-09-10 10:04:14,901 | INFO | 202406-divvy-tripdata.csv: cleaned 710,705 rows, inserted 0 new fact rows
2026-09-10 10:05:34,138 | INFO | 202407-divvy-tripdata.csv: cleaned 748,953 rows, inserted 0 new fact rows
2026-09-10 10:06:40,192 | INFO | 202408-divvy-tripdata.csv: cleaned 755,626 rows, inserted 0 new fact rows
2026-09-10 10:08:01,381 | INFO | 202409-divvy-tripdata.csv: cleaned 821,268 rows, inserted 0 new fact rows
2026-09-10 10:08:59,375 | INFO | 202410-divvy-tripdata.csv: cleaned 616,268 rows, inserted 0 new fact rows
2026-09-10 10:09:25,945 | INFO | 202411-divvy-tripdata.csv: cleaned 335,028 rows, inserted 0 new fact rows
2026-09-10 10:09:40,612 | INFO | 202412-divvy-tripdata.csv: cleaned 178,372 rows, inserted 0 new fact rows
2026-09-10 10:09:52,362 | INFO | 202501-divvy-tripdata.csv: cleaned 138,688 rows, inserted 0 new fact rows
2026-09-10 10:10:05,532 | INFO | 202502-divvy-tripdata.csv: cleaned 151,876 rows, inserted 0 new fact rows
2026-09-10 10:10:29,693 | INFO | 202503-divvy-tripdata.csv: cleaned 298,142 rows, inserted 0 new fact rows
2026-09-10 10:11:02,291 | INFO | 202504-divvy-tripdata.csv: cleaned 371,333 rows, inserted 0 new fact rows
2026-09-10 10:11:58,908 | INFO | 202505-divvy-tripdata.csv: cleaned 502,442 rows, inserted 0 new fact rows
2026-09-10 10:12:53,954 | INFO | 202506-divvy-tripdata.csv: cleaned 678,885 rows, inserted 0 new fact rows
2026-09-10 10:13:56,434 | INFO | 202507-divvy-tripdata.csv: cleaned 763,412 rows, inserted 0 new fact rows
2026-09-10 10:15:01,447 | INFO | 202508-divvy-tripdata.csv: cleaned 790,151 rows, inserted 0 new fact rows
2026-09-10 10:16:04,872 | INFO | 202509-divvy-tripdata.csv: cleaned 714,747 rows, inserted 0 new fact rows
2026-09-10 10:17:10,261 | INFO | 202510-divvy-tripdata.csv: cleaned 646,034 rows, inserted 0 new fact rows
2026-09-10 10:18:01,012 | INFO | 202511-divvy-tripdata.csv: cleaned 356,594 rows, inserted 0 new fact rows
2026-09-10 10:18:28,058 | INFO | 202512-divvy-tripdata.csv: cleaned 140,532 rows, inserted 0 new fact rows
2026-09-10 10:18:48,485 | INFO | 202601-divvy-tripdata.csv: cleaned 137,779 rows, inserted 0 new fact rows
2026-09-10 10:19:18,745 | INFO | 202602-divvy-tripdata.csv: cleaned 201,449 rows, inserted 0 new fact rows
2026-09-10 10:19:54,842 | INFO | 202603-divvy-tripdata.csv: cleaned 317,030 rows, inserted 0 new fact rows
2026-09-10 10:20:40,784 | INFO | 202604-divvy-tripdata.csv: cleaned 448,244 rows, inserted 0 new fact rows
2026-09-10 10:21:43,953 | INFO | 202605-divvy-tripdata.csv: cleaned 653,695 rows, inserted 0 new fact rows
2026-09-10 10:22:59,796 | INFO | 202606-divvy-tripdata.csv: cleaned 762,531 rows, inserted 0 new fact rows
2026-09-10 10:24:26,334 | INFO | 202607-divvy-tripdata.csv: cleaned 869,026 rows, inserted 0 new fact rows
2026-09-10 10:27:07,922 | INFO | 202608-divvy-tripdata.csv: cleaned 868,169 rows, inserted 0 new fact rows
2026-09-10 10:27:08,093 | INFO | Data-quality report written to C:\Projects\comprehensive_divvy_bike_sharing_analytics\reports\etl_reports\etl_data_quality_report.csv
2026-09-10 10:54:31,119 | INFO | Discovered 32 source files in C:\Projects\comprehensive_divvy_bike_sharing_analytics\data\csv_master
2026-09-10 10:55:00,478 | INFO | 202401-divvy-tripdata.csv: cleaned 144,776 rows, inserted 0 new fact rows
2026-09-10 10:55:23,052 | INFO | 202402-divvy-tripdata.csv: cleaned 223,136 rows, inserted 0 new fact rows
2026-09-10 10:55:46,753 | INFO | 202403-divvy-tripdata.csv: cleaned 301,581 rows, inserted 0 new fact rows
2026-09-10 10:56:18,061 | INFO | 202404-divvy-tripdata.csv: cleaned 414,837 rows, inserted 0 new fact rows
2026-09-10 10:57:06,815 | INFO | 202405-divvy-tripdata.csv: cleaned 609,232 rows, inserted 0 new fact rows
2026-09-10 10:58:05,394 | INFO | 202406-divvy-tripdata.csv: cleaned 710,705 rows, inserted 0 new fact rows
2026-09-10 10:59:06,878 | INFO | 202407-divvy-tripdata.csv: cleaned 748,953 rows, inserted 0 new fact rows
2026-09-10 10:59:54,529 | INFO | Discovered 32 source files in C:\Projects\comprehensive_divvy_bike_sharing_analytics\data\csv_master
2026-09-10 11:00:18,721 | INFO | 202401-divvy-tripdata.csv: cleaned 144,776 rows, inserted 0 new fact rows
2026-09-10 11:00:36,168 | INFO | 202402-divvy-tripdata.csv: cleaned 223,136 rows, inserted 0 new fact rows
2026-09-10 11:00:59,793 | INFO | 202403-divvy-tripdata.csv: cleaned 301,581 rows, inserted 0 new fact rows
2026-09-10 11:01:32,321 | INFO | 202404-divvy-tripdata.csv: cleaned 414,837 rows, inserted 0 new fact rows
2026-09-10 11:02:23,037 | INFO | 202405-divvy-tripdata.csv: cleaned 609,232 rows, inserted 0 new fact rows
2026-09-10 11:03:19,345 | INFO | 202406-divvy-tripdata.csv: cleaned 710,705 rows, inserted 0 new fact rows
2026-09-10 11:04:18,018 | INFO | 202407-divvy-tripdata.csv: cleaned 748,953 rows, inserted 0 new fact rows
2026-09-10 11:05:47,177 | INFO | 202408-divvy-tripdata.csv: cleaned 755,626 rows, inserted 0 new fact rows
2026-09-10 11:06:59,826 | INFO | 202409-divvy-tripdata.csv: cleaned 821,268 rows, inserted 0 new fact rows
2026-09-10 11:08:06,311 | INFO | 202410-divvy-tripdata.csv: cleaned 616,268 rows, inserted 0 new fact rows
2026-09-10 11:08:34,236 | INFO | 202411-divvy-tripdata.csv: cleaned 335,028 rows, inserted 0 new fact rows
2026-09-10 11:08:49,328 | INFO | 202412-divvy-tripdata.csv: cleaned 178,372 rows, inserted 0 new fact rows
2026-09-10 11:09:00,145 | INFO | 202501-divvy-tripdata.csv: cleaned 138,688 rows, inserted 0 new fact rows
2026-09-10 11:09:12,111 | INFO | 202502-divvy-tripdata.csv: cleaned 151,876 rows, inserted 0 new fact rows
2026-09-10 11:09:35,227 | INFO | 202503-divvy-tripdata.csv: cleaned 298,142 rows, inserted 0 new fact rows
2026-09-10 11:10:03,313 | INFO | 202504-divvy-tripdata.csv: cleaned 371,333 rows, inserted 0 new fact rows
2026-09-10 11:10:47,626 | INFO | 202505-divvy-tripdata.csv: cleaned 502,442 rows, inserted 0 new fact rows
2026-09-10 11:11:52,756 | INFO | 202506-divvy-tripdata.csv: cleaned 678,885 rows, inserted 0 new fact rows
2026-09-10 11:13:00,990 | INFO | 202507-divvy-tripdata.csv: cleaned 763,412 rows, inserted 0 new fact rows
2026-09-10 11:14:03,195 | INFO | 202508-divvy-tripdata.csv: cleaned 790,151 rows, inserted 0 new fact rows
2026-09-10 11:14:56,312 | INFO | 202509-divvy-tripdata.csv: cleaned 714,747 rows, inserted 0 new fact rows
2026-09-10 11:15:47,438 | INFO | 202510-divvy-tripdata.csv: cleaned 646,034 rows, inserted 0 new fact rows
2026-09-10 11:16:14,108 | INFO | 202511-divvy-tripdata.csv: cleaned 356,594 rows, inserted 0 new fact rows
2026-09-10 11:16:25,459 | INFO | 202512-divvy-tripdata.csv: cleaned 140,532 rows, inserted 0 new fact rows
2026-09-10 11:16:36,015 | INFO | 202601-divvy-tripdata.csv: cleaned 137,779 rows, inserted 0 new fact rows
2026-09-10 11:16:51,359 | INFO | 202602-divvy-tripdata.csv: cleaned 201,449 rows, inserted 0 new fact rows
2026-09-10 11:17:15,969 | INFO | 202603-divvy-tripdata.csv: cleaned 317,030 rows, inserted 0 new fact rows
2026-09-10 11:17:52,252 | INFO | 202604-divvy-tripdata.csv: cleaned 448,244 rows, inserted 0 new fact rows
2026-09-10 11:18:50,751 | INFO | 202605-divvy-tripdata.csv: cleaned 653,695 rows, inserted 0 new fact rows
2026-09-10 11:19:55,855 | INFO | 202606-divvy-tripdata.csv: cleaned 762,531 rows, inserted 0 new fact rows
2026-09-10 11:21:29,690 | INFO | 202607-divvy-tripdata.csv: cleaned 869,026 rows, inserted 0 new fact rows
2026-09-10 11:23:04,542 | INFO | 202608-divvy-tripdata.csv: cleaned 868,169 rows, inserted 0 new fact rows
2026-09-10 11:23:04,726 | INFO | Data-quality report written to C:\Projects\comprehensive_divvy_bike_sharing_analytics\reports\etl_reports\etl_data_quality_report.csv
2026-09-11 09:37:14,237 | INFO | Discovered 32 source files in C:\Projects\comprehensive_divvy_bike_sharing_analytics\data\csv_master
2026-09-11 09:37:47,698 | INFO | 202401-divvy-tripdata.csv: cleaned 144,776 rows, inserted 0 new fact rows
2026-09-11 09:38:08,337 | INFO | 202402-divvy-tripdata.csv: cleaned 223,136 rows, inserted 0 new fact rows
2026-09-11 09:38:31,120 | INFO | 202403-divvy-tripdata.csv: cleaned 301,581 rows, inserted 0 new fact rows
2026-09-11 09:39:06,386 | INFO | 202404-divvy-tripdata.csv: cleaned 414,837 rows, inserted 0 new fact rows
2026-09-11 09:39:57,023 | INFO | 202405-divvy-tripdata.csv: cleaned 609,232 rows, inserted 0 new fact rows
2026-09-11 09:40:51,212 | INFO | 202406-divvy-tripdata.csv: cleaned 710,705 rows, inserted 0 new fact rows
2026-09-11 09:41:46,649 | INFO | 202407-divvy-tripdata.csv: cleaned 748,953 rows, inserted 0 new fact rows
2026-09-11 09:42:43,375 | INFO | 202408-divvy-tripdata.csv: cleaned 755,626 rows, inserted 0 new fact rows
2026-09-11 09:43:42,557 | INFO | 202409-divvy-tripdata.csv: cleaned 821,268 rows, inserted 0 new fact rows
2026-09-11 09:44:29,804 | INFO | 202410-divvy-tripdata.csv: cleaned 616,268 rows, inserted 0 new fact rows
2026-09-11 09:44:55,230 | INFO | 202411-divvy-tripdata.csv: cleaned 335,028 rows, inserted 0 new fact rows
2026-09-11 09:45:08,544 | INFO | 202412-divvy-tripdata.csv: cleaned 178,372 rows, inserted 0 new fact rows
2026-09-11 09:45:18,647 | INFO | 202501-divvy-tripdata.csv: cleaned 138,688 rows, inserted 0 new fact rows
2026-09-11 09:45:30,249 | INFO | 202502-divvy-tripdata.csv: cleaned 151,876 rows, inserted 0 new fact rows
2026-09-11 09:45:58,856 | INFO | 202503-divvy-tripdata.csv: cleaned 298,142 rows, inserted 0 new fact rows
2026-09-11 09:46:42,925 | INFO | 202504-divvy-tripdata.csv: cleaned 371,333 rows, inserted 0 new fact rows
2026-09-11 09:47:29,778 | INFO | 202505-divvy-tripdata.csv: cleaned 502,442 rows, inserted 0 new fact rows
2026-09-11 09:49:06,613 | INFO | 202506-divvy-tripdata.csv: cleaned 678,885 rows, inserted 0 new fact rows
2026-09-11 09:51:14,637 | INFO | 202507-divvy-tripdata.csv: cleaned 763,412 rows, inserted 0 new fact rows
2026-09-11 09:52:35,484 | INFO | 202508-divvy-tripdata.csv: cleaned 790,151 rows, inserted 0 new fact rows
2026-09-11 09:54:05,284 | INFO | 202509-divvy-tripdata.csv: cleaned 714,747 rows, inserted 0 new fact rows
2026-09-11 09:55:21,483 | INFO | 202510-divvy-tripdata.csv: cleaned 646,034 rows, inserted 0 new fact rows
2026-09-11 09:55:50,921 | INFO | 202511-divvy-tripdata.csv: cleaned 356,594 rows, inserted 0 new fact rows
2026-09-11 09:56:01,716 | INFO | 202512-divvy-tripdata.csv: cleaned 140,532 rows, inserted 0 new fact rows
2026-09-11 09:56:12,878 | INFO | 202601-divvy-tripdata.csv: cleaned 137,779 rows, inserted 0 new fact rows
2026-09-11 09:56:29,101 | INFO | 202602-divvy-tripdata.csv: cleaned 201,449 rows, inserted 0 new fact rows
2026-09-11 09:56:52,244 | INFO | 202603-divvy-tripdata.csv: cleaned 317,030 rows, inserted 0 new fact rows
2026-09-11 09:57:25,404 | INFO | 202604-divvy-tripdata.csv: cleaned 448,244 rows, inserted 0 new fact rows
2026-09-11 09:58:13,515 | INFO | 202605-divvy-tripdata.csv: cleaned 653,695 rows, inserted 0 new fact rows
2026-09-11 09:59:10,105 | INFO | 202606-divvy-tripdata.csv: cleaned 762,531 rows, inserted 0 new fact rows
2026-09-11 10:00:14,217 | INFO | 202607-divvy-tripdata.csv: cleaned 869,026 rows, inserted 0 new fact rows
2026-09-11 10:01:17,833 | INFO | 202608-divvy-tripdata.csv: cleaned 868,169 rows, inserted 0 new fact rows
2026-09-11 10:01:17,953 | INFO | Data-quality report written to C:\Projects\comprehensive_divvy_bike_sharing_analytics\reports\etl_reports\etl_data_quality_report.csv
2026-09-11 15:04:36,019 | ERROR | No such comm target registered: jupyter.widget.control
2026-09-11 15:04:36,068 | WARNING | No such comm: 4ddb5200-0932-446e-a175-3553141d17dc
2026-09-12 11:53:06,341 | INFO | Discovered 32 source files in C:\Projects\comprehensive_divvy_bike_sharing_analytics\data\csv_master
2026-09-12 11:53:24,227 | INFO | 202401-divvy-tripdata.csv: cleaned 144,776 rows, inserted 144,776 new fact rows
2026-09-12 11:53:51,467 | INFO | 202402-divvy-tripdata.csv: cleaned 223,136 rows, inserted 223,136 new fact rows
2026-09-12 11:54:28,701 | INFO | 202403-divvy-tripdata.csv: cleaned 301,581 rows, inserted 301,581 new fact rows
2026-09-12 11:55:23,910 | INFO | 202404-divvy-tripdata.csv: cleaned 414,837 rows, inserted 414,837 new fact rows
2026-09-12 11:56:46,927 | INFO | 202405-divvy-tripdata.csv: cleaned 609,232 rows, inserted 609,232 new fact rows
2026-09-12 11:58:25,491 | INFO | 202406-divvy-tripdata.csv: cleaned 710,705 rows, inserted 710,494 new fact rows
2026-09-12 12:00:21,610 | INFO | 202407-divvy-tripdata.csv: cleaned 748,953 rows, inserted 748,953 new fact rows
2026-09-12 12:02:23,576 | INFO | 202408-divvy-tripdata.csv: cleaned 755,626 rows, inserted 755,626 new fact rows
2026-09-12 12:04:48,801 | INFO | 202409-divvy-tripdata.csv: cleaned 821,268 rows, inserted 821,268 new fact rows
2026-09-12 12:06:39,447 | INFO | 202410-divvy-tripdata.csv: cleaned 616,268 rows, inserted 616,268 new fact rows
2026-09-12 12:07:40,550 | INFO | 202411-divvy-tripdata.csv: cleaned 335,028 rows, inserted 335,028 new fact rows
2026-09-12 12:08:17,889 | INFO | 202412-divvy-tripdata.csv: cleaned 178,372 rows, inserted 178,372 new fact rows
2026-09-12 12:08:38,303 | INFO | 202501-divvy-tripdata.csv: cleaned 138,688 rows, inserted 138,688 new fact rows
2026-09-12 12:09:01,898 | INFO | 202502-divvy-tripdata.csv: cleaned 151,876 rows, inserted 151,876 new fact rows
2026-09-12 12:09:45,765 | INFO | 202503-divvy-tripdata.csv: cleaned 298,142 rows, inserted 298,142 new fact rows
2026-09-12 17:03:49,275 | INFO | 202504-divvy-tripdata.csv: cleaned 371,333 rows, inserted 371,333 new fact rows
2026-09-12 17:05:03,026 | INFO | 202505-divvy-tripdata.csv: cleaned 502,442 rows, inserted 502,442 new fact rows
2026-09-12 17:06:46,312 | INFO | 202506-divvy-tripdata.csv: cleaned 678,885 rows, inserted 678,885 new fact rows
2026-09-12 17:08:44,181 | INFO | 202507-divvy-tripdata.csv: cleaned 763,412 rows, inserted 763,412 new fact rows
2026-09-12 21:32:16,347 | INFO | Discovered 32 source files in C:\Projects\comprehensive_divvy_bike_sharing_analytics\data\csv_master
2026-09-12 21:32:46,686 | INFO | 202401-divvy-tripdata.csv: cleaned 144,776 rows, inserted 0 new fact rows
2026-09-12 21:33:07,319 | INFO | 202402-divvy-tripdata.csv: cleaned 223,136 rows, inserted 0 new fact rows
2026-09-12 21:33:38,292 | INFO | 202403-divvy-tripdata.csv: cleaned 301,581 rows, inserted 0 new fact rows
2026-09-12 21:34:22,214 | INFO | 202404-divvy-tripdata.csv: cleaned 414,837 rows, inserted 0 new fact rows
2026-09-12 21:35:27,556 | INFO | 202405-divvy-tripdata.csv: cleaned 609,232 rows, inserted 0 new fact rows
2026-09-12 21:37:07,154 | INFO | 202406-divvy-tripdata.csv: cleaned 710,705 rows, inserted 0 new fact rows
2026-09-12 21:38:15,193 | INFO | 202407-divvy-tripdata.csv: cleaned 748,953 rows, inserted 0 new fact rows
2026-09-12 21:39:31,878 | INFO | 202408-divvy-tripdata.csv: cleaned 755,626 rows, inserted 0 new fact rows
2026-09-12 21:40:29,850 | INFO | 202409-divvy-tripdata.csv: cleaned 821,268 rows, inserted 0 new fact rows
2026-09-12 21:41:13,405 | INFO | 202410-divvy-tripdata.csv: cleaned 616,268 rows, inserted 0 new fact rows
2026-09-12 21:41:36,869 | INFO | 202411-divvy-tripdata.csv: cleaned 335,028 rows, inserted 0 new fact rows
2026-09-12 21:41:49,504 | INFO | 202412-divvy-tripdata.csv: cleaned 178,372 rows, inserted 0 new fact rows
2026-09-12 21:41:59,375 | INFO | 202501-divvy-tripdata.csv: cleaned 138,688 rows, inserted 0 new fact rows
2026-09-12 21:42:10,150 | INFO | 202502-divvy-tripdata.csv: cleaned 151,876 rows, inserted 0 new fact rows
2026-09-12 21:42:30,868 | INFO | 202503-divvy-tripdata.csv: cleaned 298,142 rows, inserted 0 new fact rows
2026-09-12 21:42:56,874 | INFO | 202504-divvy-tripdata.csv: cleaned 371,333 rows, inserted 0 new fact rows
2026-09-12 21:43:31,944 | INFO | 202505-divvy-tripdata.csv: cleaned 502,442 rows, inserted 0 new fact rows
2026-09-12 21:44:19,303 | INFO | 202506-divvy-tripdata.csv: cleaned 678,885 rows, inserted 0 new fact rows
2026-09-12 21:45:26,797 | INFO | 202507-divvy-tripdata.csv: cleaned 763,412 rows, inserted 0 new fact rows
2026-09-12 21:46:34,143 | INFO | 202508-divvy-tripdata.csv: cleaned 790,151 rows, inserted 0 new fact rows
2026-09-12 21:47:43,437 | INFO | 202509-divvy-tripdata.csv: cleaned 714,747 rows, inserted 0 new fact rows
2026-09-12 21:48:45,143 | INFO | 202510-divvy-tripdata.csv: cleaned 646,034 rows, inserted 0 new fact rows
2026-09-12 21:49:14,825 | INFO | 202511-divvy-tripdata.csv: cleaned 356,594 rows, inserted 0 new fact rows
2026-09-12 21:49:26,803 | INFO | 202512-divvy-tripdata.csv: cleaned 140,532 rows, inserted 0 new fact rows
2026-09-12 21:49:38,807 | INFO | 202601-divvy-tripdata.csv: cleaned 137,779 rows, inserted 0 new fact rows
2026-09-12 21:49:55,426 | INFO | 202602-divvy-tripdata.csv: cleaned 201,449 rows, inserted 0 new fact rows
2026-09-12 21:50:21,689 | INFO | 202603-divvy-tripdata.csv: cleaned 317,030 rows, inserted 0 new fact rows
2026-09-12 21:50:58,318 | INFO | 202604-divvy-tripdata.csv: cleaned 448,244 rows, inserted 0 new fact rows
2026-09-12 21:52:06,158 | INFO | 202605-divvy-tripdata.csv: cleaned 653,695 rows, inserted 0 new fact rows
2026-09-12 21:53:12,063 | INFO | 202606-divvy-tripdata.csv: cleaned 762,531 rows, inserted 0 new fact rows
2026-09-12 21:54:39,617 | INFO | 202607-divvy-tripdata.csv: cleaned 869,026 rows, inserted 0 new fact rows
2026-09-12 21:56:00,708 | INFO | 202608-divvy-tripdata.csv: cleaned 868,169 rows, inserted 0 new fact rows
2026-09-12 21:56:00,840 | INFO | Data-quality report written to C:\Projects\comprehensive_divvy_bike_sharing_analytics\reports\etl_reports\etl_data_quality_report.csv
2026-09-12 22:00:50,808 | ERROR | No such comm target registered: jupyter.widget.control
2026-09-12 22:00:50,861 | WARNING | No such comm: 1055bd20-f5ee-4e8e-9f96-502f4d01da65
2026-09-13 07:49:09,566 | INFO | Discovered 32 source files in C:\Projects\comprehensive_divvy_bike_sharing_analytics\data\csv_master
2026-09-13 07:49:47,356 | INFO | 202401-divvy-tripdata.csv: cleaned 144,776 rows, inserted 0 new fact rows
2026-09-13 07:50:02,594 | INFO | 202402-divvy-tripdata.csv: cleaned 223,136 rows, inserted 0 new fact rows
2026-09-13 07:50:20,149 | INFO | 202403-divvy-tripdata.csv: cleaned 301,581 rows, inserted 0 new fact rows
2026-09-13 07:50:43,917 | INFO | 202404-divvy-tripdata.csv: cleaned 414,837 rows, inserted 0 new fact rows
2026-09-13 07:51:18,662 | INFO | 202405-divvy-tripdata.csv: cleaned 609,232 rows, inserted 0 new fact rows
2026-09-13 07:51:59,803 | INFO | 202406-divvy-tripdata.csv: cleaned 710,705 rows, inserted 0 new fact rows
2026-09-13 07:52:43,343 | INFO | 202407-divvy-tripdata.csv: cleaned 748,953 rows, inserted 0 new fact rows
2026-09-13 07:53:27,393 | INFO | 202408-divvy-tripdata.csv: cleaned 755,626 rows, inserted 0 new fact rows
2026-09-13 07:54:14,852 | INFO | 202409-divvy-tripdata.csv: cleaned 821,268 rows, inserted 0 new fact rows
2026-09-13 07:54:50,716 | INFO | 202410-divvy-tripdata.csv: cleaned 616,268 rows, inserted 0 new fact rows
2026-09-13 07:55:10,415 | INFO | 202411-divvy-tripdata.csv: cleaned 335,028 rows, inserted 0 new fact rows
2026-09-13 07:55:21,030 | INFO | 202412-divvy-tripdata.csv: cleaned 178,372 rows, inserted 0 new fact rows
2026-09-13 07:55:29,364 | INFO | 202501-divvy-tripdata.csv: cleaned 138,688 rows, inserted 0 new fact rows
2026-09-13 07:55:38,418 | INFO | 202502-divvy-tripdata.csv: cleaned 151,876 rows, inserted 0 new fact rows
2026-09-13 07:55:56,026 | INFO | 202503-divvy-tripdata.csv: cleaned 298,142 rows, inserted 0 new fact rows
2026-09-13 07:56:17,674 | INFO | 202504-divvy-tripdata.csv: cleaned 371,333 rows, inserted 0 new fact rows
2026-09-13 07:56:46,840 | INFO | 202505-divvy-tripdata.csv: cleaned 502,442 rows, inserted 0 new fact rows
2026-09-13 07:57:26,111 | INFO | 202506-divvy-tripdata.csv: cleaned 678,885 rows, inserted 0 new fact rows
2026-09-13 07:58:10,204 | INFO | 202507-divvy-tripdata.csv: cleaned 763,412 rows, inserted 0 new fact rows
2026-09-13 08:00:11,425 | INFO | 202508-divvy-tripdata.csv: cleaned 790,151 rows, inserted 790,151 new fact rows
2026-09-13 08:02:14,898 | INFO | 202509-divvy-tripdata.csv: cleaned 714,747 rows, inserted 714,747 new fact rows
2026-09-13 08:04:07,742 | INFO | 202510-divvy-tripdata.csv: cleaned 646,034 rows, inserted 646,034 new fact rows
2026-09-13 08:05:13,494 | INFO | 202511-divvy-tripdata.csv: cleaned 356,594 rows, inserted 356,594 new fact rows
2026-09-13 08:05:36,942 | INFO | 202512-divvy-tripdata.csv: cleaned 140,532 rows, inserted 140,532 new fact rows
2026-09-13 08:06:01,299 | INFO | 202601-divvy-tripdata.csv: cleaned 137,779 rows, inserted 137,779 new fact rows
2026-09-13 08:06:38,557 | INFO | 202602-divvy-tripdata.csv: cleaned 201,449 rows, inserted 201,449 new fact rows
2026-09-13 08:07:38,090 | INFO | 202603-divvy-tripdata.csv: cleaned 317,030 rows, inserted 317,030 new fact rows
2026-09-13 08:09:01,148 | INFO | 202604-divvy-tripdata.csv: cleaned 448,244 rows, inserted 448,244 new fact rows
2026-09-13 08:11:01,293 | INFO | 202605-divvy-tripdata.csv: cleaned 653,695 rows, inserted 653,660 new fact rows
2026-09-13 08:13:32,874 | INFO | 202606-divvy-tripdata.csv: cleaned 762,531 rows, inserted 762,531 new fact rows
2026-09-13 08:16:28,492 | INFO | 202607-divvy-tripdata.csv: cleaned 869,026 rows, inserted 869,026 new fact rows
2026-09-13 08:19:33,736 | INFO | 202608-divvy-tripdata.csv: cleaned 868,169 rows, inserted 868,169 new fact rows
2026-09-13 08:19:33,853 | INFO | Data-quality report written to C:\Projects\comprehensive_divvy_bike_sharing_analytics\reports\etl_reports\etl_data_quality_report.csv
2026-09-15 22:43:22,386 | INFO | Discovered 32 source files in C:\Projects\comprehensive_divvy_bike_sharing_analytics\data\csv_master
2026-09-15 22:43:52,297 | INFO | 202401-divvy-tripdata.csv: cleaned 144,776 rows, inserted 0 new fact rows
2026-09-15 22:44:13,909 | INFO | 202402-divvy-tripdata.csv: cleaned 223,136 rows, inserted 0 new fact rows
2026-09-15 22:44:36,817 | INFO | 202403-divvy-tripdata.csv: cleaned 301,581 rows, inserted 0 new fact rows
2026-09-15 22:45:07,438 | INFO | 202404-divvy-tripdata.csv: cleaned 414,837 rows, inserted 0 new fact rows
2026-09-15 22:45:51,898 | INFO | 202405-divvy-tripdata.csv: cleaned 609,232 rows, inserted 0 new fact rows
2026-09-15 22:46:43,403 | INFO | 202406-divvy-tripdata.csv: cleaned 710,705 rows, inserted 0 new fact rows
2026-09-15 22:47:36,726 | INFO | 202407-divvy-tripdata.csv: cleaned 748,953 rows, inserted 0 new fact rows
2026-09-15 22:48:31,777 | INFO | 202408-divvy-tripdata.csv: cleaned 755,626 rows, inserted 0 new fact rows
2026-09-15 22:49:29,178 | INFO | 202409-divvy-tripdata.csv: cleaned 821,268 rows, inserted 0 new fact rows
2026-09-15 22:50:11,885 | INFO | 202410-divvy-tripdata.csv: cleaned 616,268 rows, inserted 0 new fact rows
2026-09-15 22:50:35,045 | INFO | 202411-divvy-tripdata.csv: cleaned 335,028 rows, inserted 0 new fact rows
2026-09-15 22:50:47,652 | INFO | 202412-divvy-tripdata.csv: cleaned 178,372 rows, inserted 0 new fact rows
2026-09-15 22:50:57,420 | INFO | 202501-divvy-tripdata.csv: cleaned 138,688 rows, inserted 0 new fact rows
2026-09-15 22:51:08,172 | INFO | 202502-divvy-tripdata.csv: cleaned 151,876 rows, inserted 0 new fact rows
2026-09-15 22:51:28,986 | INFO | 202503-divvy-tripdata.csv: cleaned 298,142 rows, inserted 0 new fact rows
2026-09-15 22:51:58,940 | INFO | 202504-divvy-tripdata.csv: cleaned 371,333 rows, inserted 0 new fact rows
2026-09-15 22:52:34,353 | INFO | 202505-divvy-tripdata.csv: cleaned 502,442 rows, inserted 0 new fact rows
2026-09-15 22:53:23,765 | INFO | 202506-divvy-tripdata.csv: cleaned 678,885 rows, inserted 0 new fact rows
2026-09-15 22:54:17,353 | INFO | 202507-divvy-tripdata.csv: cleaned 763,412 rows, inserted 0 new fact rows
2026-09-15 22:55:16,711 | INFO | 202508-divvy-tripdata.csv: cleaned 790,151 rows, inserted 0 new fact rows
2026-09-15 22:56:21,971 | INFO | 202509-divvy-tripdata.csv: cleaned 714,747 rows, inserted 0 new fact rows
2026-09-15 22:57:36,213 | INFO | 202510-divvy-tripdata.csv: cleaned 646,034 rows, inserted 0 new fact rows
2026-09-15 22:58:04,951 | INFO | 202511-divvy-tripdata.csv: cleaned 356,594 rows, inserted 0 new fact rows
2026-09-15 22:58:16,731 | INFO | 202512-divvy-tripdata.csv: cleaned 140,532 rows, inserted 0 new fact rows
2026-09-15 22:58:28,019 | INFO | 202601-divvy-tripdata.csv: cleaned 137,779 rows, inserted 0 new fact rows
2026-09-15 22:58:44,669 | INFO | 202602-divvy-tripdata.csv: cleaned 201,449 rows, inserted 0 new fact rows
2026-09-15 22:59:10,877 | INFO | 202603-divvy-tripdata.csv: cleaned 317,030 rows, inserted 0 new fact rows
2026-09-15 22:59:51,414 | INFO | 202604-divvy-tripdata.csv: cleaned 448,244 rows, inserted 0 new fact rows
2026-09-15 23:01:44,585 | INFO | 202605-divvy-tripdata.csv: cleaned 653,695 rows, inserted 0 new fact rows
2026-09-15 23:03:46,038 | INFO | 202606-divvy-tripdata.csv: cleaned 762,531 rows, inserted 0 new fact rows
2026-09-15 23:08:07,990 | INFO | 202607-divvy-tripdata.csv: cleaned 869,026 rows, inserted 0 new fact rows
2026-09-15 23:09:27,900 | INFO | 202608-divvy-tripdata.csv: cleaned 868,169 rows, inserted 0 new fact rows
2026-09-15 23:09:28,093 | INFO | Data-quality report written to C:\Projects\comprehensive_divvy_bike_sharing_analytics\reports\etl_reports\etl_data_quality_report.csv
2026-09-16 01:22:56,785 | INFO | Discovered 32 source files in C:\Projects\comprehensive_divvy_bike_sharing_analytics\data\csv_master
2026-09-16 01:23:27,669 | INFO | 202401-divvy-tripdata.csv: cleaned 144,776 rows, inserted 0 new fact rows
2026-09-16 01:23:48,366 | INFO | 202402-divvy-tripdata.csv: cleaned 223,136 rows, inserted 0 new fact rows
2026-09-16 01:24:11,040 | INFO | 202403-divvy-tripdata.csv: cleaned 301,581 rows, inserted 0 new fact rows
2026-09-16 01:24:43,251 | INFO | 202404-divvy-tripdata.csv: cleaned 414,837 rows, inserted 0 new fact rows
2026-09-16 01:25:28,093 | INFO | 202405-divvy-tripdata.csv: cleaned 609,232 rows, inserted 0 new fact rows
2026-09-16 01:26:20,531 | INFO | 202406-divvy-tripdata.csv: cleaned 710,705 rows, inserted 0 new fact rows
2026-09-16 01:27:17,871 | INFO | 202407-divvy-tripdata.csv: cleaned 748,953 rows, inserted 0 new fact rows
2026-09-16 01:28:12,327 | INFO | 202408-divvy-tripdata.csv: cleaned 755,626 rows, inserted 0 new fact rows
2026-09-16 01:29:13,154 | INFO | 202409-divvy-tripdata.csv: cleaned 821,268 rows, inserted 0 new fact rows
2026-09-16 01:29:57,980 | INFO | 202410-divvy-tripdata.csv: cleaned 616,268 rows, inserted 0 new fact rows
2026-09-16 01:30:22,571 | INFO | 202411-divvy-tripdata.csv: cleaned 335,028 rows, inserted 0 new fact rows
2026-09-16 01:30:36,225 | INFO | 202412-divvy-tripdata.csv: cleaned 178,372 rows, inserted 0 new fact rows
2026-09-16 01:30:46,610 | INFO | 202501-divvy-tripdata.csv: cleaned 138,688 rows, inserted 0 new fact rows
2026-09-16 01:30:58,179 | INFO | 202502-divvy-tripdata.csv: cleaned 151,876 rows, inserted 0 new fact rows
2026-09-16 01:31:19,772 | INFO | 202503-divvy-tripdata.csv: cleaned 298,142 rows, inserted 0 new fact rows
2026-09-16 01:31:46,967 | INFO | 202504-divvy-tripdata.csv: cleaned 371,333 rows, inserted 0 new fact rows
2026-09-16 01:32:23,237 | INFO | 202505-divvy-tripdata.csv: cleaned 502,442 rows, inserted 0 new fact rows
2026-09-16 01:33:14,145 | INFO | 202506-divvy-tripdata.csv: cleaned 678,885 rows, inserted 0 new fact rows
2026-09-16 01:34:11,335 | INFO | 202507-divvy-tripdata.csv: cleaned 763,412 rows, inserted 0 new fact rows
2026-09-16 01:35:07,967 | INFO | 202508-divvy-tripdata.csv: cleaned 790,151 rows, inserted 0 new fact rows
2026-09-16 01:35:59,160 | INFO | 202509-divvy-tripdata.csv: cleaned 714,747 rows, inserted 0 new fact rows
2026-09-16 01:37:07,107 | INFO | 202510-divvy-tripdata.csv: cleaned 646,034 rows, inserted 0 new fact rows
2026-09-16 01:37:52,732 | INFO | 202511-divvy-tripdata.csv: cleaned 356,594 rows, inserted 0 new fact rows
2026-09-16 01:38:06,229 | INFO | 202512-divvy-tripdata.csv: cleaned 140,532 rows, inserted 0 new fact rows
2026-09-16 01:38:18,167 | INFO | 202601-divvy-tripdata.csv: cleaned 137,779 rows, inserted 0 new fact rows
2026-09-16 01:38:35,922 | INFO | 202602-divvy-tripdata.csv: cleaned 201,449 rows, inserted 0 new fact rows
2026-09-16 01:39:09,698 | INFO | 202603-divvy-tripdata.csv: cleaned 317,030 rows, inserted 0 new fact rows
2026-09-16 01:39:44,803 | INFO | 202604-divvy-tripdata.csv: cleaned 448,244 rows, inserted 0 new fact rows
2026-09-16 01:40:32,995 | INFO | 202605-divvy-tripdata.csv: cleaned 653,695 rows, inserted 0 new fact rows
2026-09-16 01:41:29,514 | INFO | 202606-divvy-tripdata.csv: cleaned 762,531 rows, inserted 0 new fact rows
2026-09-16 01:42:33,087 | INFO | 202607-divvy-tripdata.csv: cleaned 869,026 rows, inserted 0 new fact rows
2026-09-16 01:43:36,006 | INFO | 202608-divvy-tripdata.csv: cleaned 868,169 rows, inserted 0 new fact rows
2026-09-16 01:43:36,138 | INFO | Data-quality report written to C:\Projects\comprehensive_divvy_bike_sharing_analytics\reports\etl_reports\etl_data_quality_report.csv
2026-09-29 00:40:52,557 | INFO | Discovered 32 source files in C:\Projects\comprehensive_divvy_bike_sharing_analytics\data\csv_master
2026-09-29 00:41:22,469 | INFO | 202401-divvy-tripdata.csv: cleaned 144,776 rows, inserted 0 new fact rows
2026-09-29 00:41:45,111 | INFO | 202402-divvy-tripdata.csv: cleaned 223,136 rows, inserted 0 new fact rows
2026-09-29 00:42:11,044 | INFO | 202403-divvy-tripdata.csv: cleaned 301,581 rows, inserted 0 new fact rows
2026-09-29 00:42:43,469 | INFO | 202404-divvy-tripdata.csv: cleaned 414,837 rows, inserted 0 new fact rows
2026-09-29 00:43:28,385 | INFO | 202405-divvy-tripdata.csv: cleaned 609,232 rows, inserted 0 new fact rows
2026-09-29 00:44:20,502 | INFO | 202406-divvy-tripdata.csv: cleaned 710,705 rows, inserted 0 new fact rows
2026-09-29 00:45:14,430 | INFO | 202407-divvy-tripdata.csv: cleaned 748,953 rows, inserted 0 new fact rows
2026-09-29 00:46:10,276 | INFO | 202408-divvy-tripdata.csv: cleaned 755,626 rows, inserted 0 new fact rows
2026-09-29 00:47:14,734 | INFO | 202409-divvy-tripdata.csv: cleaned 821,268 rows, inserted 0 new fact rows
2026-09-29 00:48:00,793 | INFO | 202410-divvy-tripdata.csv: cleaned 616,268 rows, inserted 0 new fact rows
2026-09-29 00:48:24,439 | INFO | 202411-divvy-tripdata.csv: cleaned 335,028 rows, inserted 0 new fact rows
2026-09-29 00:48:37,203 | INFO | 202412-divvy-tripdata.csv: cleaned 178,372 rows, inserted 0 new fact rows
2026-09-29 00:48:47,267 | INFO | 202501-divvy-tripdata.csv: cleaned 138,688 rows, inserted 0 new fact rows
2026-09-29 00:48:58,144 | INFO | 202502-divvy-tripdata.csv: cleaned 151,876 rows, inserted 0 new fact rows
2026-09-29 00:49:18,954 | INFO | 202503-divvy-tripdata.csv: cleaned 298,142 rows, inserted 0 new fact rows
2026-09-29 00:49:44,819 | INFO | 202504-divvy-tripdata.csv: cleaned 371,333 rows, inserted 0 new fact rows
2026-09-29 00:50:19,611 | INFO | 202505-divvy-tripdata.csv: cleaned 502,442 rows, inserted 0 new fact rows
2026-09-29 00:51:06,786 | INFO | 202506-divvy-tripdata.csv: cleaned 678,885 rows, inserted 0 new fact rows
2026-09-29 00:51:59,652 | INFO | 202507-divvy-tripdata.csv: cleaned 763,412 rows, inserted 0 new fact rows
2026-09-29 00:52:54,455 | INFO | 202508-divvy-tripdata.csv: cleaned 790,151 rows, inserted 0 new fact rows
2026-09-29 00:53:43,860 | INFO | 202509-divvy-tripdata.csv: cleaned 714,747 rows, inserted 0 new fact rows
2026-09-29 00:54:29,737 | INFO | 202510-divvy-tripdata.csv: cleaned 646,034 rows, inserted 0 new fact rows
2026-09-29 00:54:54,434 | INFO | 202511-divvy-tripdata.csv: cleaned 356,594 rows, inserted 0 new fact rows
2026-09-29 00:55:04,821 | INFO | 202512-divvy-tripdata.csv: cleaned 140,532 rows, inserted 0 new fact rows
2026-09-29 00:55:15,891 | INFO | 202601-divvy-tripdata.csv: cleaned 137,779 rows, inserted 0 new fact rows
2026-09-29 00:55:30,262 | INFO | 202602-divvy-tripdata.csv: cleaned 201,449 rows, inserted 0 new fact rows
2026-09-29 00:55:54,214 | INFO | 202603-divvy-tripdata.csv: cleaned 317,030 rows, inserted 0 new fact rows
2026-09-29 00:56:27,603 | INFO | 202604-divvy-tripdata.csv: cleaned 448,244 rows, inserted 0 new fact rows
2026-09-29 00:57:13,497 | INFO | 202605-divvy-tripdata.csv: cleaned 653,695 rows, inserted 0 new fact rows
2026-09-29 00:58:06,281 | INFO | 202606-divvy-tripdata.csv: cleaned 762,531 rows, inserted 0 new fact rows
2026-09-29 00:59:12,407 | INFO | 202607-divvy-tripdata.csv: cleaned 869,026 rows, inserted 0 new fact rows
2026-09-29 01:00:15,499 | INFO | 202608-divvy-tripdata.csv: cleaned 868,169 rows, inserted 0 new fact rows
2026-09-29 01:00:15,628 | INFO | Data-quality report written to C:\Projects\comprehensive_divvy_bike_sharing_analytics\reports\etl_reports\etl_data_quality_report.csv
2026-09-29 23:07:28,419 | INFO | Discovered 32 source files in C:\Projects\comprehensive_divvy_bike_sharing_analytics\data\csv_master
2026-09-29 23:08:00,201 | INFO | 202401-divvy-tripdata.csv: cleaned 144,776 rows, inserted 0 new fact rows
2026-09-29 23:08:32,451 | INFO | 202402-divvy-tripdata.csv: cleaned 223,136 rows, inserted 0 new fact rows
2026-09-29 23:09:02,954 | INFO | 202403-divvy-tripdata.csv: cleaned 301,581 rows, inserted 0 new fact rows
2026-09-29 23:09:41,934 | INFO | 202404-divvy-tripdata.csv: cleaned 414,837 rows, inserted 0 new fact rows
2026-09-29 23:10:38,289 | INFO | 202405-divvy-tripdata.csv: cleaned 609,232 rows, inserted 0 new fact rows
2026-09-29 23:11:37,257 | INFO | 202406-divvy-tripdata.csv: cleaned 710,705 rows, inserted 0 new fact rows
2026-09-29 23:12:41,058 | INFO | 202407-divvy-tripdata.csv: cleaned 748,953 rows, inserted 0 new fact rows
2026-09-29 23:13:49,879 | INFO | 202408-divvy-tripdata.csv: cleaned 755,626 rows, inserted 0 new fact rows
2026-09-29 23:14:58,257 | INFO | 202409-divvy-tripdata.csv: cleaned 821,268 rows, inserted 0 new fact rows
2026-09-29 23:15:55,570 | INFO | 202410-divvy-tripdata.csv: cleaned 616,268 rows, inserted 0 new fact rows
2026-09-29 23:16:24,802 | INFO | 202411-divvy-tripdata.csv: cleaned 335,028 rows, inserted 0 new fact rows
2026-09-29 23:16:39,896 | INFO | 202412-divvy-tripdata.csv: cleaned 178,372 rows, inserted 0 new fact rows
2026-09-29 23:16:53,254 | INFO | 202501-divvy-tripdata.csv: cleaned 138,688 rows, inserted 0 new fact rows
2026-09-29 23:17:07,183 | INFO | 202502-divvy-tripdata.csv: cleaned 151,876 rows, inserted 0 new fact rows
2026-09-29 23:17:39,657 | INFO | 202503-divvy-tripdata.csv: cleaned 298,142 rows, inserted 0 new fact rows
2026-09-29 23:18:45,323 | INFO | 202504-divvy-tripdata.csv: cleaned 371,333 rows, inserted 0 new fact rows
2026-09-29 23:20:25,704 | INFO | 202505-divvy-tripdata.csv: cleaned 502,442 rows, inserted 0 new fact rows
2026-09-29 23:22:34,281 | INFO | 202506-divvy-tripdata.csv: cleaned 678,885 rows, inserted 0 new fact rows
2026-09-29 23:24:35,899 | INFO | 202507-divvy-tripdata.csv: cleaned 763,412 rows, inserted 0 new fact rows
2026-09-29 23:25:52,557 | INFO | 202508-divvy-tripdata.csv: cleaned 790,151 rows, inserted 0 new fact rows
2026-09-29 23:27:19,733 | INFO | 202509-divvy-tripdata.csv: cleaned 714,747 rows, inserted 0 new fact rows
2026-09-29 23:28:42,672 | INFO | 202510-divvy-tripdata.csv: cleaned 646,034 rows, inserted 0 new fact rows
2026-09-29 23:29:17,923 | INFO | 202511-divvy-tripdata.csv: cleaned 356,594 rows, inserted 0 new fact rows
2026-09-29 23:29:33,958 | INFO | 202512-divvy-tripdata.csv: cleaned 140,532 rows, inserted 0 new fact rows
2026-09-29 23:29:48,844 | INFO | 202601-divvy-tripdata.csv: cleaned 137,779 rows, inserted 0 new fact rows
2026-09-29 23:30:09,755 | INFO | 202602-divvy-tripdata.csv: cleaned 201,449 rows, inserted 0 new fact rows
2026-09-29 23:30:42,921 | INFO | 202603-divvy-tripdata.csv: cleaned 317,030 rows, inserted 0 new fact rows
2026-09-29 23:31:34,354 | INFO | 202604-divvy-tripdata.csv: cleaned 448,244 rows, inserted 0 new fact rows
2026-09-29 23:33:11,270 | INFO | 202605-divvy-tripdata.csv: cleaned 653,695 rows, inserted 0 new fact rows
2026-09-29 23:35:12,109 | INFO | 202606-divvy-tripdata.csv: cleaned 762,531 rows, inserted 0 new fact rows
2026-09-29 23:36:48,133 | INFO | 202607-divvy-tripdata.csv: cleaned 869,026 rows, inserted 0 new fact rows
2026-09-29 23:38:25,446 | INFO | 202608-divvy-tripdata.csv: cleaned 868,169 rows, inserted 0 new fact rows
2026-09-29 23:38:25,621 | INFO | Data-quality report written to C:\Projects\comprehensive_divvy_bike_sharing_analytics\reports\etl_reports\etl_data_quality_report.csv
2026-09-30 02:02:05,382 | INFO | Discovered 32 source files in C:\Projects\comprehensive_divvy_bike_sharing_analytics\data\csv_master
2026-09-30 02:02:35,176 | INFO | 202401-divvy-tripdata.csv: cleaned 144,776 rows, inserted 0 new fact rows
2026-09-30 02:03:01,368 | INFO | 202402-divvy-tripdata.csv: cleaned 223,136 rows, inserted 0 new fact rows
2026-09-30 02:03:25,464 | INFO | 202403-divvy-tripdata.csv: cleaned 301,581 rows, inserted 0 new fact rows
2026-09-30 02:03:57,987 | INFO | 202404-divvy-tripdata.csv: cleaned 414,837 rows, inserted 0 new fact rows
2026-09-30 02:04:44,231 | INFO | 202405-divvy-tripdata.csv: cleaned 609,232 rows, inserted 0 new fact rows
2026-09-30 02:05:37,322 | INFO | 202406-divvy-tripdata.csv: cleaned 710,705 rows, inserted 0 new fact rows
2026-09-30 02:06:31,394 | INFO | 202407-divvy-tripdata.csv: cleaned 748,953 rows, inserted 0 new fact rows
2026-09-30 02:07:26,828 | INFO | 202408-divvy-tripdata.csv: cleaned 755,626 rows, inserted 0 new fact rows
2026-09-30 02:08:25,821 | INFO | 202409-divvy-tripdata.csv: cleaned 821,268 rows, inserted 0 new fact rows
2026-09-30 02:09:10,572 | INFO | 202410-divvy-tripdata.csv: cleaned 616,268 rows, inserted 0 new fact rows
2026-09-30 02:09:34,878 | INFO | 202411-divvy-tripdata.csv: cleaned 335,028 rows, inserted 0 new fact rows
2026-09-30 02:09:47,755 | INFO | 202412-divvy-tripdata.csv: cleaned 178,372 rows, inserted 0 new fact rows
2026-09-30 02:09:58,025 | INFO | 202501-divvy-tripdata.csv: cleaned 138,688 rows, inserted 0 new fact rows
2026-09-30 02:10:09,157 | INFO | 202502-divvy-tripdata.csv: cleaned 151,876 rows, inserted 0 new fact rows
2026-09-30 02:10:30,972 | INFO | 202503-divvy-tripdata.csv: cleaned 298,142 rows, inserted 0 new fact rows
2026-09-30 02:10:57,392 | INFO | 202504-divvy-tripdata.csv: cleaned 371,333 rows, inserted 0 new fact rows
2026-09-30 02:11:33,550 | INFO | 202505-divvy-tripdata.csv: cleaned 502,442 rows, inserted 0 new fact rows
2026-09-30 02:12:22,229 | INFO | 202506-divvy-tripdata.csv: cleaned 678,885 rows, inserted 0 new fact rows
2026-09-30 02:13:16,890 | INFO | 202507-divvy-tripdata.csv: cleaned 763,412 rows, inserted 0 new fact rows
2026-09-30 02:14:13,161 | INFO | 202508-divvy-tripdata.csv: cleaned 790,151 rows, inserted 0 new fact rows
2026-09-30 02:15:04,506 | INFO | 202509-divvy-tripdata.csv: cleaned 714,747 rows, inserted 0 new fact rows
2026-09-30 02:15:50,726 | INFO | 202510-divvy-tripdata.csv: cleaned 646,034 rows, inserted 0 new fact rows
2026-09-30 02:16:15,975 | INFO | 202511-divvy-tripdata.csv: cleaned 356,594 rows, inserted 0 new fact rows
2026-09-30 02:16:26,583 | INFO | 202512-divvy-tripdata.csv: cleaned 140,532 rows, inserted 0 new fact rows
2026-09-30 02:16:36,669 | INFO | 202601-divvy-tripdata.csv: cleaned 137,779 rows, inserted 0 new fact rows
2026-09-30 02:16:51,507 | INFO | 202602-divvy-tripdata.csv: cleaned 201,449 rows, inserted 0 new fact rows
2026-09-30 02:17:15,141 | INFO | 202603-divvy-tripdata.csv: cleaned 317,030 rows, inserted 0 new fact rows
2026-09-30 02:17:47,779 | INFO | 202604-divvy-tripdata.csv: cleaned 448,244 rows, inserted 0 new fact rows
2026-09-30 02:18:35,377 | INFO | 202605-divvy-tripdata.csv: cleaned 653,695 rows, inserted 0 new fact rows
2026-09-30 02:19:29,849 | INFO | 202606-divvy-tripdata.csv: cleaned 762,531 rows, inserted 0 new fact rows
2026-09-30 02:20:31,347 | INFO | 202607-divvy-tripdata.csv: cleaned 869,026 rows, inserted 0 new fact rows
2026-09-30 02:21:33,654 | INFO | 202608-divvy-tripdata.csv: cleaned 868,169 rows, inserted 0 new fact rows
2026-09-30 02:21:33,771 | INFO | Data-quality report written to C:\Projects\comprehensive_divvy_bike_sharing_analytics\reports\etl_reports\etl_data_quality_report.csv
2026-09-30 02:21:50,917 | INFO | Manifest updated: 32 new month(s) -> C:\Projects\comprehensive_divvy_bike_sharing_analytics\data\ingested_files.txt
2026-09-30 02:21:50,933 | INFO | Deleted C:\Projects\comprehensive_divvy_bike_sharing_analytics\data\downloads (576 MB)
2026-09-30 02:21:50,984 | INFO | Deleted C:\Projects\comprehensive_divvy_bike_sharing_analytics\data\csv_master (3,009 MB)
2026-09-30 02:21:50,985 | INFO | Total space freed: 3,585 MB
2026-09-30 03:13:35,620 | INFO | Discovered 32 source files in C:\Projects\comprehensive_divvy_bike_sharing_analytics\data\csv_master
2026-09-30 03:14:05,420 | INFO | 202401-divvy-tripdata.csv: cleaned 144,776 rows, inserted 0 new fact rows
2026-09-30 03:14:28,620 | INFO | 202402-divvy-tripdata.csv: cleaned 223,136 rows, inserted 0 new fact rows
2026-09-30 03:14:53,442 | INFO | 202403-divvy-tripdata.csv: cleaned 301,581 rows, inserted 0 new fact rows
2026-09-30 03:15:30,973 | INFO | 202404-divvy-tripdata.csv: cleaned 414,837 rows, inserted 0 new fact rows
2026-09-30 03:16:17,148 | INFO | 202405-divvy-tripdata.csv: cleaned 609,232 rows, inserted 0 new fact rows
2026-09-30 03:17:10,078 | INFO | 202406-divvy-tripdata.csv: cleaned 710,705 rows, inserted 0 new fact rows
2026-09-30 03:18:04,535 | INFO | 202407-divvy-tripdata.csv: cleaned 748,953 rows, inserted 0 new fact rows
2026-09-30 03:18:58,835 | INFO | 202408-divvy-tripdata.csv: cleaned 755,626 rows, inserted 0 new fact rows
2026-09-30 03:19:57,587 | INFO | 202409-divvy-tripdata.csv: cleaned 821,268 rows, inserted 0 new fact rows
2026-09-30 03:20:41,660 | INFO | 202410-divvy-tripdata.csv: cleaned 616,268 rows, inserted 0 new fact rows
2026-09-30 03:21:06,203 | INFO | 202411-divvy-tripdata.csv: cleaned 335,028 rows, inserted 0 new fact rows
2026-09-30 03:21:19,579 | INFO | 202412-divvy-tripdata.csv: cleaned 178,372 rows, inserted 0 new fact rows
2026-09-30 03:21:29,880 | INFO | 202501-divvy-tripdata.csv: cleaned 138,688 rows, inserted 0 new fact rows
2026-09-30 03:21:40,845 | INFO | 202502-divvy-tripdata.csv: cleaned 151,876 rows, inserted 0 new fact rows
2026-09-30 03:22:03,084 | INFO | 202503-divvy-tripdata.csv: cleaned 298,142 rows, inserted 0 new fact rows
2026-09-30 03:22:30,239 | INFO | 202504-divvy-tripdata.csv: cleaned 371,333 rows, inserted 0 new fact rows
2026-09-30 03:23:07,002 | INFO | 202505-divvy-tripdata.csv: cleaned 502,442 rows, inserted 0 new fact rows
2026-09-30 03:23:59,428 | INFO | 202506-divvy-tripdata.csv: cleaned 678,885 rows, inserted 0 new fact rows
2026-09-30 03:24:53,760 | INFO | 202507-divvy-tripdata.csv: cleaned 763,412 rows, inserted 0 new fact rows
2026-09-30 03:25:51,026 | INFO | 202508-divvy-tripdata.csv: cleaned 790,151 rows, inserted 0 new fact rows
2026-09-30 03:26:43,628 | INFO | 202509-divvy-tripdata.csv: cleaned 714,747 rows, inserted 0 new fact rows
2026-09-30 03:27:30,244 | INFO | 202510-divvy-tripdata.csv: cleaned 646,034 rows, inserted 0 new fact rows
2026-09-30 03:27:55,681 | INFO | 202511-divvy-tripdata.csv: cleaned 356,594 rows, inserted 0 new fact rows
2026-09-30 03:28:06,097 | INFO | 202512-divvy-tripdata.csv: cleaned 140,532 rows, inserted 0 new fact rows
2026-09-30 03:28:16,339 | INFO | 202601-divvy-tripdata.csv: cleaned 137,779 rows, inserted 0 new fact rows
2026-09-30 03:28:31,795 | INFO | 202602-divvy-tripdata.csv: cleaned 201,449 rows, inserted 0 new fact rows
2026-09-30 03:28:55,245 | INFO | 202603-divvy-tripdata.csv: cleaned 317,030 rows, inserted 0 new fact rows
2026-09-30 03:29:27,876 | INFO | 202604-divvy-tripdata.csv: cleaned 448,244 rows, inserted 0 new fact rows
2026-09-30 03:30:15,138 | INFO | 202605-divvy-tripdata.csv: cleaned 653,695 rows, inserted 0 new fact rows
2026-09-30 03:31:09,863 | INFO | 202606-divvy-tripdata.csv: cleaned 762,531 rows, inserted 0 new fact rows
2026-09-30 03:32:11,604 | INFO | 202607-divvy-tripdata.csv: cleaned 869,026 rows, inserted 0 new fact rows
2026-09-30 03:33:14,003 | INFO | 202608-divvy-tripdata.csv: cleaned 868,169 rows, inserted 0 new fact rows
2026-09-30 03:33:14,132 | INFO | Data-quality report written to C:\Projects\comprehensive_divvy_bike_sharing_analytics\reports\etl_reports\etl_data_quality_report.csv
2026-09-30 03:33:31,194 | INFO | Manifest updated: 0 new month(s) -> C:\Projects\comprehensive_divvy_bike_sharing_analytics\data\ingested_files.txt
2026-09-30 03:33:31,220 | INFO | Deleted C:\Projects\comprehensive_divvy_bike_sharing_analytics\data\downloads (576 MB)
2026-09-30 03:33:31,315 | INFO | Deleted C:\Projects\comprehensive_divvy_bike_sharing_analytics\data\csv_master (3,009 MB)
2026-09-30 03:33:31,316 | INFO | Total space freed: 3,585 MB
